// Jest Snapshot v1, https://goo.gl/fbAQLP

exports[`maching snapshot 1`] = `
<div
  className="mb-5"
  data-testid="businessId"
>
  <div
    className="container"
  >
    <div
      className="flex items-center"
    >
      <h1
        className="ml-2 text-xl cursor-pointer font-medium text-blue-900"
        onClick={[Function]}
      >
        Business 
      </h1>
      <svg
        className="text-red-600 mt-1"
        fill="currentColor"
        height="1em"
        stroke="currentColor"
        strokeWidth="0"
        style={
          Object {
            "color": undefined,
          }
        }
        viewBox="0 0 512 512"
        width="1em"
        xmlns="http://www.w3.org/2000/svg"
      >
        <path
          d="M294.1 256L167 129c-9.4-9.4-9.4-24.6 0-33.9s24.6-9.3 34 0L345 239c9.1 9.1 9.3 23.7.7 33.1L201.1 417c-4.7 4.7-10.9 7-17 7s-12.3-2.3-17-7c-9.4-9.4-9.4-24.6 0-33.9l127-127.1z"
        />
      </svg>
    </div>
    <div
      className="grid sm:grid-cols-2 md:grid-cols-3 lg:grid-cols-4 gap-2"
    />
  </div>
</div>
`;
