// Jest Snapshot v1, https://goo.gl/fbAQLP

exports[`maching snapshot 1`] = `
<div
  className="pb-5"
  data-testid="exclusiveId"
>
  <div
    className="container"
  >
    <div
      className="grid lg:grid-cols-2 gap-3"
    >
      <div>
        <button
          className="py-1 slim-border rounded-sm mb-3 px-4 border-blue-400 mr-2 bg-blue-500 text-white"
          onClick={[Function]}
        >
          Letest
        </button>
        <button
          className="py-1 slim-border rounded-sm mb-3 px-4 bg-white border-blue-400 mr-2"
          onClick={[Function]}
        >
          Trending
        </button>
        <div
          className="grid sm:grid-cols-2 gap-3"
        />
      </div>
      <div>
        <h1
          className="exclusive"
        >
          Satireday
        </h1>
        <div
          className="grid sm:grid-cols-2 gap-3"
        />
      </div>
    </div>
  </div>
</div>
`;

exports[`maching snapshot coronavirus 1`] = `
<div
  className="container"
  data-testid="coronaVirusId"
>
  <div
    className="my-4 font-semibold text-xl cursor-pointer flex items-center gap-2"
    onClick={[Function]}
  >
    Covid-19 
    <span
      className="text-red-500"
    >
      Worldwide
    </span>
    <svg
      className="text-red-600 mt-1"
      fill="currentColor"
      height="1em"
      stroke="currentColor"
      strokeWidth="0"
      style={
        Object {
          "color": undefined,
        }
      }
      viewBox="0 0 512 512"
      width="1em"
      xmlns="http://www.w3.org/2000/svg"
    >
      <path
        d="M294.1 256L167 129c-9.4-9.4-9.4-24.6 0-33.9s24.6-9.3 34 0L345 239c9.1 9.1 9.3 23.7.7 33.1L201.1 417c-4.7 4.7-10.9 7-17 7s-12.3-2.3-17-7c-9.4-9.4-9.4-24.6 0-33.9l127-127.1z"
      />
    </svg>
  </div>
  <div
    className="grid grid-cols-1 sm:grid-cols-1 md:grid-cols-3 lg:grid-cols-4 xl:grid-cols-4 gap-3"
  />
</div>
`;
