// Jest Snapshot v1, https://goo.gl/fbAQLP

exports[`maching snapshot 1`] = `
<div
  className="pb-5"
  data-testid="exclusiveId"
>
  <div
    className="container"
  >
    <div
      className="grid lg:grid-cols-2 gap-3"
    >
      <div>
        <button
          className="py-1 slim-border rounded-sm mb-3 px-4 border-blue-400 mr-2 bg-blue-500 text-white"
          onClick={[Function]}
        >
          Letest
        </button>
        <button
          className="py-1 slim-border rounded-sm mb-3 px-4 bg-white border-blue-400 mr-2"
          onClick={[Function]}
        >
          Trending
        </button>
        <div
          className="grid sm:grid-cols-2 gap-3"
        />
      </div>
      <div>
        <h1
          className="exclusive"
        >
          Satireday
        </h1>
        <div
          className="grid sm:grid-cols-2 gap-3"
        />
      </div>
    </div>
  </div>
</div>
`;

exports[`maching snapshot 2`] = `
<div
  className="container"
  data-testid="internationalId"
>
  <h2
    className="text-xl font-medium mt-5 mb-2"
  >
    <span
      className="text-blue-900"
    >
      <a
        href="/international"
        onClick={[Function]}
        onMouseEnter={[Function]}
      >
        International
      </a>
       
    </span>
    <svg
      aria-hidden={true}
      className="MuiSvgIcon-root MuiSvgIcon-fontSizeMedium text-red-600 css-i4bv87-MuiSvgIcon-root"
      data-testid="ChevronRightIcon"
      focusable="false"
      viewBox="0 0 24 24"
    >
      <path
        d="M10 6 8.59 7.41 13.17 12l-4.58 4.59L10 18l6-6z"
      />
    </svg>
  </h2>
  <div
    className="grid grid-cols-12 gap-4"
  >
    <div
      className="col-span-12 md:col-span-6 mb-3 lg:mb-0"
    >
      <div
        className="p-3 rounded-md border-r border-b"
      />
    </div>
    <div
      className="col-span-12 md:col-span-6"
    >
      <div
        className=""
      />
    </div>
  </div>
</div>
`;
